Mplus VERSION 7
MUTHEN & MUTHEN
07/30/2019   9:13 AM

INPUT INSTRUCTIONS

  Title: Test1000: Mplus, multigroup, uninsional, continuous

  Data: File is SampleDataMplus.csv;

  Variable:
    Names are F1_1-F1_10 F2_1-F2_20 F3_1-F3_12 F4_1-F4_5 group;
    grouping is group (1 = Group1, 2 = Group2, 3 = Group3, 4 = Group4);
    usevariables are F1_1-F1_10;

  output: sampstat;

  Model:

    F1 by F1_1-F1_10;

    [F1_1] (I1);

    [F1_2-F1_10];


  Model Group2:

    F1 by F1_2-F1_10;

    [F1_2-F1_10];

    [F1_1] (I1);

    [F1*];

    F1*;

   Model Group3:

    F1 by F1_2-F1_10;

    [F1_2-F1_10];

    [F1_1] (I1);

    [F1*];

    F1*;

  Model Group4:

    F1 by F1_2-F1_10;

    [F1_2-F1_10];

    [F1_1] (I1);

    [F1*];

    F1*;



INPUT READING TERMINATED NORMALLY



Test1000: Mplus, multigroup, uninsional, continuous

SUMMARY OF ANALYSIS

Number of groups                                                 4
Number of observations
   Group GROUP1                                                504
   Group GROUP2                                                507
   Group GROUP3                                                503
   Group GROUP4                                                505

Number of dependent variables                                   10
Number of independent variables                                  0
Number of continuous latent variables                            1

Observed dependent variables

  Continuous
   F1_1        F1_2        F1_3        F1_4        F1_5        F1_6
   F1_7        F1_8        F1_9        F1_10

Continuous latent variables
   F1

Variables with special functions

  Grouping variable     GROUP

Estimator                                                       ML
Information matrix                                        OBSERVED
Maximum number of iterations                                  1000
Convergence criterion                                    0.500D-04
Maximum number of steepest descent iterations                   20

Input data file(s)
  SampleDataMplus.csv

Input data format  FREE


SAMPLE STATISTICS


     SAMPLE STATISTICS FOR GROUP1


           Means
              F1_1          F1_2          F1_3          F1_4          F1_5
              ________      ________      ________      ________      ________
      1         3.488         3.627         3.438         3.567         2.931


           Means
              F1_6          F1_7          F1_8          F1_9          F1_10
              ________      ________      ________      ________      ________
      1         3.472         3.504         3.347         3.179         3.565


           Covariances
              F1_1          F1_2          F1_3          F1_4          F1_5
              ________      ________      ________      ________      ________
 F1_1          55.290
 F1_2          54.916        55.008
 F1_3          18.179        18.120        18.587
 F1_4          36.362        36.265        18.338        36.710
 F1_5           0.183         0.149         0.261         0.216         0.727
 F1_6          36.293        36.168        18.368        36.563         0.273
 F1_7          36.228        36.119        18.100        36.496         0.059
 F1_8          36.648        36.501        18.437        36.628         0.328
 F1_9          18.425        18.338        18.493        18.411         0.324
 F1_10         55.041        54.868        18.159        36.336         0.138


           Covariances
              F1_6          F1_7          F1_8          F1_9          F1_10
              ________      ________      ________      ________      ________
 F1_6          36.868
 F1_7          36.558        55.524
 F1_8          36.721        36.682        37.056
 F1_9          18.497        18.311        18.593        18.928
 F1_10         36.221        36.175        36.595        18.357        55.174


           Correlations
              F1_1          F1_2          F1_3          F1_4          F1_5
              ________      ________      ________      ________      ________
 F1_1           1.000
 F1_2           0.996         1.000
 F1_3           0.567         0.567         1.000
 F1_4           0.807         0.807         0.702         1.000
 F1_5           0.029         0.024         0.071         0.042         1.000
 F1_6           0.804         0.803         0.702         0.994         0.053
 F1_7           0.654         0.654         0.563         0.808         0.009
 F1_8           0.810         0.808         0.703         0.993         0.063
 F1_9           0.570         0.568         0.986         0.698         0.087
 F1_10          0.997         0.996         0.567         0.807         0.022


           Correlations
              F1_6          F1_7          F1_8          F1_9          F1_10
              ________      ________      ________      ________      ________
 F1_6           1.000
 F1_7           0.808         1.000
 F1_8           0.993         0.809         1.000
 F1_9           0.700         0.565         0.702         1.000
 F1_10          0.803         0.654         0.809         0.568         1.000


     SAMPLE STATISTICS FOR GROUP2


           Means
              F1_1          F1_2          F1_3          F1_4          F1_5
              ________      ________      ________      ________      ________
      1         3.045         2.959         3.387         3.511         2.933


           Means
              F1_6          F1_7          F1_8          F1_9          F1_10
              ________      ________      ________      ________      ________
      1         3.069         3.509         2.901         3.162         3.079


           Covariances
              F1_1          F1_2          F1_3          F1_4          F1_5
              ________      ________      ________      ________      ________
 F1_1          18.856
 F1_2          18.663        19.192
 F1_3           0.057         0.286        18.505
 F1_4          18.417        18.631        18.053        36.573
 F1_5           0.220         0.338         0.464         0.263         0.757
 F1_6          18.632        19.113        18.184        36.529         0.553
 F1_7          18.425        18.719        18.072        36.359         0.326
 F1_8          18.580        19.008        18.137        36.494         0.425
 F1_9          18.610        18.847         0.231        18.547         0.364
 F1_10         18.663        18.648         0.039        18.374         0.199


           Covariances
              F1_6          F1_7          F1_8          F1_9          F1_10
              ________      ________      ________      ________      ________
 F1_6          37.378
 F1_7          36.610        36.656
 F1_8          36.971        36.569        37.418
 F1_9          18.961        18.610        18.866        18.988
 F1_10         18.640        18.449        18.572        18.614        18.846


           Correlations
              F1_1          F1_2          F1_3          F1_4          F1_5
              ________      ________      ________      ________      ________
 F1_1           1.000
 F1_2           0.981         1.000
 F1_3           0.003         0.015         1.000
 F1_4           0.701         0.703         0.694         1.000
 F1_5           0.058         0.089         0.124         0.050         1.000
 F1_6           0.702         0.714         0.691         0.988         0.104
 F1_7           0.701         0.706         0.694         0.993         0.062
 F1_8           0.700         0.709         0.689         0.987         0.080
 F1_9           0.984         0.987         0.012         0.704         0.096
 F1_10          0.990         0.981         0.002         0.700         0.053


           Correlations
              F1_6          F1_7          F1_8          F1_9          F1_10
              ________      ________      ________      ________      ________
 F1_6           1.000
 F1_7           0.989         1.000
 F1_8           0.989         0.987         1.000
 F1_9           0.712         0.705         0.708         1.000
 F1_10          0.702         0.702         0.699         0.984         1.000


     SAMPLE STATISTICS FOR GROUP3


           Means
              F1_1          F1_2          F1_3          F1_4          F1_5
              ________      ________      ________      ________      ________
      1         2.865         3.203         3.199         3.117         3.038


           Means
              F1_6          F1_7          F1_8          F1_9          F1_10
              ________      ________      ________      ________      ________
      1         3.197         3.227         3.087         3.080         2.833


           Covariances
              F1_1          F1_2          F1_3          F1_4          F1_5
              ________      ________      ________      ________      ________
 F1_1          19.314
 F1_2          18.636        18.782
 F1_3          18.741        18.582        19.034
 F1_4          18.722        18.557        18.671        18.974
 F1_5          18.524        18.505        18.462        18.477        19.118
 F1_6          18.583        18.529        18.514        18.492        18.480
 F1_7          18.778        18.574        18.695        18.667        18.502
 F1_8          18.692        18.646        18.659        18.578        18.557
 F1_9          18.719        18.620        18.662        18.537        18.546
 F1_10          0.526         0.396         0.512         0.433         0.243


           Covariances
              F1_6          F1_7          F1_8          F1_9          F1_10
              ________      ________      ________      ________      ________
 F1_6          18.854
 F1_7          18.540        19.082
 F1_8          18.569        18.612        18.895
 F1_9          18.597        18.620        18.665        19.067
 F1_10          0.303         0.497         0.482         0.435         0.823


           Correlations
              F1_1          F1_2          F1_3          F1_4          F1_5
              ________      ________      ________      ________      ________
 F1_1           1.000
 F1_2           0.978         1.000
 F1_3           0.977         0.983         1.000
 F1_4           0.978         0.983         0.982         1.000
 F1_5           0.964         0.977         0.968         0.970         1.000
 F1_6           0.974         0.985         0.977         0.978         0.973
 F1_7           0.978         0.981         0.981         0.981         0.969
 F1_8           0.978         0.990         0.984         0.981         0.976
 F1_9           0.975         0.984         0.980         0.975         0.971
 F1_10          0.132         0.101         0.129         0.110         0.061


           Correlations
              F1_6          F1_7          F1_8          F1_9          F1_10
              ________      ________      ________      ________      ________
 F1_6           1.000
 F1_7           0.977         1.000
 F1_8           0.984         0.980         1.000
 F1_9           0.981         0.976         0.983         1.000
 F1_10          0.077         0.125         0.122         0.110         1.000


     SAMPLE STATISTICS FOR GROUP4


           Means
              F1_1          F1_2          F1_3          F1_4          F1_5
              ________      ________      ________      ________      ________
      1         2.675         2.850         3.010         2.982         2.905


           Means
              F1_6          F1_7          F1_8          F1_9          F1_10
              ________      ________      ________      ________      ________
      1         2.717         3.083         2.554         2.992         2.806


           Covariances
              F1_1          F1_2          F1_3          F1_4          F1_5
              ________      ________      ________      ________      ________
 F1_1           0.877
 F1_2           0.510         0.892
 F1_3           0.431         0.540         0.711
 F1_4           0.357         0.419         0.370         0.643
 F1_5           0.486         0.536         0.470         0.384         0.739
 F1_6           0.542         0.646         0.512         0.421         0.508
 F1_7           0.241         0.300         0.251         0.217         0.234
 F1_8           0.451         0.565         0.494         0.352         0.486
 F1_9           0.512         0.585         0.481         0.384         0.530
 F1_10          0.543         0.610         0.481         0.393         0.479


           Covariances
              F1_6          F1_7          F1_8          F1_9          F1_10
              ________      ________      ________      ________      ________
 F1_6           0.872
 F1_7           0.253         0.520
 F1_8           0.545         0.225         0.912
 F1_9           0.576         0.268         0.472         0.784
 F1_10          0.593         0.244         0.577         0.541         0.834


           Correlations
              F1_1          F1_2          F1_3          F1_4          F1_5
              ________      ________      ________      ________      ________
 F1_1           1.000
 F1_2           0.576         1.000
 F1_3           0.546         0.678         1.000
 F1_4           0.475         0.553         0.548         1.000
 F1_5           0.604         0.660         0.649         0.557         1.000
 F1_6           0.619         0.733         0.650         0.562         0.632
 F1_7           0.357         0.440         0.412         0.376         0.377
 F1_8           0.505         0.626         0.613         0.460         0.592
 F1_9           0.618         0.699         0.645         0.541         0.696
 F1_10          0.635         0.708         0.625         0.536         0.610


           Correlations
              F1_6          F1_7          F1_8          F1_9          F1_10
              ________      ________      ________      ________      ________
 F1_6           1.000
 F1_7           0.376         1.000
 F1_8           0.611         0.327         1.000
 F1_9           0.696         0.420         0.558         1.000
 F1_10          0.695         0.370         0.661         0.669         1.000


THE MODEL ESTIMATION TERMINATED NORMALLY



MODEL FIT INFORMATION

Number of Free Parameters                      120

Loglikelihood

          H0 Value                      -33607.102
          H1 Value                      -27517.595

Information Criteria

          Akaike (AIC)                   67454.204
          Bayesian (BIC)                 68127.446
          Sample-Size Adjusted BIC       67746.199
            (n* = (n + 2) / 24)

Chi-Square Test of Model Fit

          Value                          12179.013
          Degrees of Freedom                   140
          P-Value                           0.0000

Chi-Square Contributions From Each Group

          GROUP1                          5490.906
          GROUP2                          6381.246
          GROUP3                           213.072
          GROUP4                            93.790

RMSEA (Root Mean Square Error Of Approximation)

          Estimate                           0.413
          90 Percent C.I.                    0.407  0.419
          Probability RMSEA <= .05           0.000

CFI/TLI

          CFI                                0.732
          TLI                                0.656

Chi-Square Test of Model Fit for the Baseline Model

          Value                          45130.574
          Degrees of Freedom                   180
          P-Value                           0.0000

SRMR (Standardized Root Mean Square Residual)

          Value                              0.106



MODEL RESULTS

                                                    Two-Tailed
                    Estimate       S.E.  Est./S.E.    P-Value

Group GROUP1

 F1       BY
    F1_1               1.000      0.000    999.000    999.000
    F1_2               0.997      0.045     22.132      0.000
    F1_3               0.503      0.028     18.183      0.000
    F1_4               0.999      0.032     31.099      0.000
    F1_5               0.007      0.006      1.173      0.241
    F1_6               1.001      0.032     31.107      0.000
    F1_7               1.000      0.045     22.052      0.000
    F1_8               1.004      0.032     31.086      0.000
    F1_9               0.507      0.028     18.122      0.000
    F1_10              0.999      0.045     22.147      0.000

 Means
    F1                 0.000      0.000    999.000    999.000

 Intercepts
    F1_1               3.488      0.331     10.532      0.000
    F1_2               3.627      0.330     10.979      0.000
    F1_3               3.438      0.192     17.905      0.000
    F1_4               3.567      0.270     13.219      0.000
    F1_5               2.931      0.038     77.144      0.000
    F1_6               3.472      0.270     12.838      0.000
    F1_7               3.504      0.332     10.557      0.000
    F1_8               3.347      0.271     12.345      0.000
    F1_9               3.179      0.194     16.402      0.000
    F1_10              3.565      0.331     10.776      0.000

 Variances
    F1                36.529      3.277     11.146      0.000

 Residual Variances
    F1_1              18.752      1.187     15.804      0.000
    F1_2              18.715      1.184     15.803      0.000
    F1_3               9.330      0.589     15.840      0.000
    F1_4               0.240      0.023     10.236      0.000
    F1_5               0.725      0.046     15.874      0.000
    F1_6               0.229      0.023     10.032      0.000
    F1_7              19.015      1.203     15.808      0.000
    F1_8               0.261      0.025     10.566      0.000
    F1_9               9.549      0.603     15.840      0.000
    F1_10             18.739      1.186     15.803      0.000

Group GROUP2

 F1       BY
    F1_1               1.000      0.000    999.000    999.000
    F1_2               1.018      0.063     16.119      0.000
    F1_3               0.964      0.062     15.500      0.000
    F1_4               1.957      0.087     22.464      0.000
    F1_5               0.020      0.013      1.590      0.112
    F1_6               1.974      0.088     22.419      0.000
    F1_7               1.961      0.087     22.483      0.000
    F1_8               1.973      0.088     22.386      0.000
    F1_9               1.011      0.063     16.106      0.000
    F1_10              1.000      0.063     15.980      0.000

 Means
    F1                -0.443      0.383     -1.155      0.248

 Intercepts
    F1_1               3.488      0.331     10.532      0.000
    F1_2               3.409      0.390      8.741      0.000
    F1_3               3.813      0.373     10.229      0.000
    F1_4               4.377      0.702      6.232      0.000
    F1_5               2.942      0.040     74.301      0.000
    F1_6               3.943      0.709      5.563      0.000
    F1_7               4.377      0.704      6.221      0.000
    F1_8               3.774      0.708      5.329      0.000
    F1_9               3.609      0.388      9.310      0.000
    F1_10              3.521      0.384      9.171      0.000

 Variances
    F1                 9.462      1.028      9.206      0.000

 Residual Variances
    F1_1               9.394      0.592     15.878      0.000
    F1_2               9.392      0.592     15.875      0.000
    F1_3               9.720      0.612     15.882      0.000
    F1_4               0.329      0.030     11.078      0.000
    F1_5               0.753      0.047     15.921      0.000
    F1_6               0.488      0.040     12.244      0.000
    F1_7               0.270      0.027      9.951      0.000
    F1_8               0.597      0.046     12.945      0.000
    F1_9               9.307      0.586     15.876      0.000
    F1_10              9.387      0.591     15.878      0.000

Group GROUP3

 F1       BY
    F1_1               1.000      0.000    999.000    999.000
    F1_2               0.995      0.009    111.017      0.000
    F1_3               0.997      0.010    100.667      0.000
    F1_4               0.995      0.010     98.896      0.000
    F1_5               0.990      0.012     85.954      0.000
    F1_6               0.992      0.010     99.829      0.000
    F1_7               0.997      0.010     97.470      0.000
    F1_8               0.997      0.009    109.843      0.000
    F1_9               0.997      0.010     98.903      0.000
    F1_10              0.023      0.009      2.487      0.013

 Means
    F1                -0.623      0.385     -1.619      0.105

 Intercepts
    F1_1               3.488      0.331     10.532      0.000
    F1_2               3.823      0.332     11.523      0.000
    F1_3               3.820      0.333     11.471      0.000
    F1_4               3.737      0.332     11.246      0.000
    F1_5               3.655      0.332     11.015      0.000
    F1_6               3.815      0.331     11.513      0.000
    F1_7               3.848      0.333     11.552      0.000
    F1_8               3.709      0.333     11.150      0.000
    F1_9               3.701      0.333     11.110      0.000
    F1_10              2.847      0.041     68.878      0.000

 Variances
    F1                18.767      1.217     15.415      0.000

 Residual Variances
    F1_1               0.547      0.037     14.618      0.000
    F1_2               0.215      0.017     12.758      0.000
    F1_3               0.380      0.027     14.080      0.000
    F1_4               0.412      0.029     14.206      0.000
    F1_5               0.713      0.048     14.947      0.000
    F1_6               0.391      0.028     14.187      0.000
    F1_7               0.442      0.031     14.309      0.000
    F1_8               0.232      0.018     12.979      0.000
    F1_9               0.413      0.029     14.258      0.000
    F1_10              0.813      0.051     15.858      0.000

Group GROUP4

 F1       BY
    F1_1               1.000      0.000    999.000    999.000
    F1_2               1.181      0.062     18.988      0.000
    F1_3               0.981      0.056     17.635      0.000
    F1_4               0.786      0.053     14.784      0.000
    F1_5               1.004      0.056     17.798      0.000
    F1_6               1.150      0.061     18.811      0.000
    F1_7               0.518      0.048     10.744      0.000
    F1_8               1.033      0.063     16.338      0.000
    F1_9               1.076      0.058     18.572      0.000
    F1_10              1.104      0.060     18.503      0.000

 Means
    F1                -0.813      0.334     -2.435      0.015

 Intercepts
    F1_1               3.488      0.331     10.532      0.000
    F1_2               3.810      0.397      9.606      0.000
    F1_3               3.807      0.330     11.539      0.000
    F1_4               3.621      0.266     13.604      0.000
    F1_5               3.721      0.338     11.022      0.000
    F1_6               3.652      0.386      9.453      0.000
    F1_7               3.504      0.179     19.603      0.000
    F1_8               3.394      0.348      9.744      0.000
    F1_9               3.867      0.362     10.694      0.000
    F1_10              3.703      0.371      9.984      0.000

 Variances
    F1                 0.462      0.050      9.290      0.000

 Residual Variances
    F1_1               0.415      0.028     14.752      0.000
    F1_2               0.248      0.019     13.248      0.000
    F1_3               0.267      0.019     14.196      0.000
    F1_4               0.358      0.024     15.087      0.000
    F1_5               0.274      0.019     14.132      0.000
    F1_6               0.261      0.019     13.517      0.000
    F1_7               0.396      0.025     15.575      0.000
    F1_8               0.420      0.029     14.686      0.000
    F1_9               0.249      0.018     13.698      0.000
    F1_10              0.271      0.020     13.753      0.000


QUALITY OF NUMERICAL RESULTS

     Condition Number for the Information Matrix              0.794E-05
       (ratio of smallest to largest eigenvalue)


DIAGRAM INFORMATION

  Use View Diagram under the Diagram menu in the Mplus Editor to view the diagram.
  If running Mplus from the Mplus Diagrammer, the diagram opens automatically.

  Diagram output
    d:\dropbox\1. current projects\shiny app\dmacs\mplus_tests\test1010.dgm

     Beginning Time:  09:13:00
        Ending Time:  09:13:00
       Elapsed Time:  00:00:00



MUTHEN & MUTHEN
3463 Stoner Ave.
Los Angeles, CA  90066

Tel: (310) 391-9971
Fax: (310) 391-8971
Web: www.StatModel.com
Support: Support@StatModel.com

Copyright (c) 1998-2012 Muthen & Muthen
