Mplus VERSION 7
MUTHEN & MUTHEN
08/01/2019  11:13 PM

INPUT INSTRUCTIONS

  Title: Test1000: Mplus, multigroup, multidimensional, categorical

  Data: File is SampleDataMplus.csv;

  Variable:
    Names are F1_1-F1_10 F2_1-F2_20 F3_1-F3_12 F4_1-F4_5 group;
    grouping is group (1 = Group1, 2 = Group2, 3 = Group3, 4 = Group4);
    Categorical all;
    usevariables are F1_1-F1_10;
    missing are all (99);

  Analysis: parameterization = theta;

  Model:

    F1 by F1_1-F1_10;


  Model Group2:

    F1 by F1_2-F1_10;

    [F1*];

    F1*;

   Model Group3:

    F1 by F1_2-F1_10;

    [F1*];

    F1*;

  Model Group4:

    F1 by F1_2-F1_10;

    [F1*];

    F1*;



INPUT READING TERMINATED NORMALLY



Test1000: Mplus, multigroup, multidimensional, categorical

SUMMARY OF ANALYSIS

Number of groups                                                 4
Number of observations
   Group GROUP1                                                504
   Group GROUP2                                                507
   Group GROUP3                                                503
   Group GROUP4                                                505

Number of dependent variables                                   10
Number of independent variables                                  0
Number of continuous latent variables                            1

Observed dependent variables

  Binary and ordered categorical (ordinal)
   F1_1        F1_2        F1_3        F1_4        F1_5        F1_6
   F1_7        F1_8        F1_9        F1_10

Continuous latent variables
   F1

Variables with special functions

  Grouping variable     GROUP

Estimator                                                    WLSMV
Maximum number of iterations                                  1000
Convergence criterion                                    0.500D-04
Maximum number of steepest descent iterations                   20
Maximum number of iterations for H1                           2000
Convergence criterion for H1                             0.100D-03
Parameterization                                             THETA

Input data file(s)
  SampleDataMplus.csv

Input data format  FREE


SUMMARY OF DATA

   Group GROUP1
     Number of missing data patterns             5

   Group GROUP2
     Number of missing data patterns             3

   Group GROUP3
     Number of missing data patterns             2

   Group GROUP4
     Number of missing data patterns             1


COVARIANCE COVERAGE OF DATA

Minimum covariance coverage value   0.100


     PROPORTION OF DATA PRESENT FOR GROUP1


           Covariance Coverage
              F1_1          F1_2          F1_3          F1_4          F1_5
              ________      ________      ________      ________      ________
 F1_1           0.994
 F1_2           0.994         0.994
 F1_3           0.994         0.994         0.998
 F1_4           0.994         0.994         0.996         0.996
 F1_5           0.994         0.994         0.998         0.996         1.000
 F1_6           0.994         0.994         0.996         0.996         0.996
 F1_7           0.992         0.992         0.994         0.994         0.994
 F1_8           0.994         0.994         0.996         0.996         0.996
 F1_9           0.994         0.994         0.998         0.996         0.998
 F1_10          0.994         0.994         0.994         0.994         0.994


           Covariance Coverage
              F1_6          F1_7          F1_8          F1_9          F1_10
              ________      ________      ________      ________      ________
 F1_6           0.996
 F1_7           0.994         0.994
 F1_8           0.996         0.994         0.996
 F1_9           0.996         0.994         0.996         0.998
 F1_10          0.994         0.992         0.994         0.994         0.994


     PROPORTION OF DATA PRESENT FOR GROUP2


           Covariance Coverage
              F1_1          F1_2          F1_3          F1_4          F1_5
              ________      ________      ________      ________      ________
 F1_1           0.998
 F1_2           0.998         0.998
 F1_3           0.996         0.996         0.998
 F1_4           0.996         0.996         0.996         0.996
 F1_5           0.998         0.998         0.998         0.996         1.000
 F1_6           0.996         0.996         0.996         0.996         0.996
 F1_7           0.996         0.996         0.996         0.996         0.996
 F1_8           0.996         0.996         0.996         0.996         0.996
 F1_9           0.998         0.998         0.996         0.996         0.998
 F1_10          0.998         0.998         0.996         0.996         0.998


           Covariance Coverage
              F1_6          F1_7          F1_8          F1_9          F1_10
              ________      ________      ________      ________      ________
 F1_6           0.996
 F1_7           0.996         0.996
 F1_8           0.996         0.996         0.996
 F1_9           0.996         0.996         0.996         0.998
 F1_10          0.996         0.996         0.996         0.998         0.998


     PROPORTION OF DATA PRESENT FOR GROUP3


           Covariance Coverage
              F1_1          F1_2          F1_3          F1_4          F1_5
              ________      ________      ________      ________      ________
 F1_1           0.998
 F1_2           0.998         0.998
 F1_3           0.998         0.998         0.998
 F1_4           0.998         0.998         0.998         0.998
 F1_5           0.998         0.998         0.998         0.998         0.998
 F1_6           0.998         0.998         0.998         0.998         0.998
 F1_7           0.998         0.998         0.998         0.998         0.998
 F1_8           0.998         0.998         0.998         0.998         0.998
 F1_9           0.998         0.998         0.998         0.998         0.998
 F1_10          0.998         0.998         0.998         0.998         0.998


           Covariance Coverage
              F1_6          F1_7          F1_8          F1_9          F1_10
              ________      ________      ________      ________      ________
 F1_6           0.998
 F1_7           0.998         0.998
 F1_8           0.998         0.998         0.998
 F1_9           0.998         0.998         0.998         0.998
 F1_10          0.998         0.998         0.998         0.998         1.000


     PROPORTION OF DATA PRESENT FOR GROUP4


           Covariance Coverage
              F1_1          F1_2          F1_3          F1_4          F1_5
              ________      ________      ________      ________      ________
 F1_1           1.000
 F1_2           1.000         1.000
 F1_3           1.000         1.000         1.000
 F1_4           1.000         1.000         1.000         1.000
 F1_5           1.000         1.000         1.000         1.000         1.000
 F1_6           1.000         1.000         1.000         1.000         1.000
 F1_7           1.000         1.000         1.000         1.000         1.000
 F1_8           1.000         1.000         1.000         1.000         1.000
 F1_9           1.000         1.000         1.000         1.000         1.000
 F1_10          1.000         1.000         1.000         1.000         1.000


           Covariance Coverage
              F1_6          F1_7          F1_8          F1_9          F1_10
              ________      ________      ________      ________      ________
 F1_6           1.000
 F1_7           1.000         1.000
 F1_8           1.000         1.000         1.000
 F1_9           1.000         1.000         1.000         1.000
 F1_10          1.000         1.000         1.000         1.000         1.000


UNIVARIATE PROPORTIONS AND COUNTS FOR CATEGORICAL VARIABLES

  Group GROUP1
    F1_1
      Category 1    0.060       30.000
      Category 2    0.200      100.000
      Category 3    0.505      253.000
      Category 4    0.236      118.000
    F1_2
      Category 1    0.038       19.000
      Category 2    0.132       66.000
      Category 3    0.567      284.000
      Category 4    0.263      132.000
    F1_3
      Category 1    0.016        8.000
      Category 2    0.076       38.000
      Category 3    0.553      278.000
      Category 4    0.356      179.000
    F1_4
      Category 1    0.014        7.000
      Category 2    0.096       48.000
      Category 3    0.580      291.000
      Category 4    0.311      156.000
    F1_5
      Category 1    0.073       37.000
      Category 2    0.181       91.000
      Category 3    0.488      246.000
      Category 4    0.258      130.000
    F1_6
      Category 1    0.034       17.000
      Category 2    0.114       57.000
      Category 3    0.580      291.000
      Category 4    0.273      137.000
    F1_7
      Category 1    0.092       46.000
      Category 2    0.222      111.000
      Category 3    0.349      175.000
      Category 4    0.337      169.000
    F1_8
      Category 1    0.048       24.000
      Category 2    0.177       89.000
      Category 3    0.536      269.000
      Category 4    0.239      120.000
    F1_9
      Category 1    0.056       28.000
      Category 2    0.177       89.000
      Category 3    0.491      247.000
      Category 4    0.276      139.000
    F1_10
      Category 1    0.046       23.000
      Category 2    0.186       93.000
      Category 3    0.497      249.000
      Category 4    0.271      136.000

  Group GROUP2
    F1_1
      Category 1    0.071       36.000
      Category 2    0.200      101.000
      Category 3    0.532      269.000
      Category 4    0.198      100.000
    F1_2
      Category 1    0.105       53.000
      Category 2    0.310      157.000
      Category 3    0.296      150.000
      Category 4    0.289      146.000
    F1_3
      Category 1    0.022       11.000
      Category 2    0.075       38.000
      Category 3    0.587      297.000
      Category 4    0.316      160.000
    F1_4
      Category 1    0.022       11.000
      Category 2    0.109       55.000
      Category 3    0.584      295.000
      Category 4    0.285      144.000
    F1_5
      Category 1    0.059       30.000
      Category 2    0.237      120.000
      Category 3    0.416      211.000
      Category 4    0.288      146.000
    F1_6
      Category 1    0.109       55.000
      Category 2    0.345      174.000
      Category 3    0.295      149.000
      Category 4    0.251      127.000
    F1_7
      Category 1    0.036       18.000
      Category 2    0.109       55.000
      Category 3    0.545      275.000
      Category 4    0.311      157.000
    F1_8
      Category 1    0.129       65.000
      Category 2    0.392      198.000
      Category 3    0.309      156.000
      Category 4    0.170       86.000
    F1_9
      Category 1    0.067       34.000
      Category 2    0.231      117.000
      Category 3    0.364      184.000
      Category 4    0.338      171.000
    F1_10
      Category 1    0.063       32.000
      Category 2    0.204      103.000
      Category 3    0.514      260.000
      Category 4    0.219      111.000

  Group GROUP3
    F1_1
      Category 1    0.127       64.000
      Category 2    0.287      144.000
      Category 3    0.371      186.000
      Category 4    0.215      108.000
    F1_2
      Category 1    0.028       14.000
      Category 2    0.161       81.000
      Category 3    0.582      292.000
      Category 4    0.229      115.000
    F1_3
      Category 1    0.054       27.000
      Category 2    0.211      106.000
      Category 3    0.408      205.000
      Category 4    0.327      164.000
    F1_4
      Category 1    0.046       23.000
      Category 2    0.233      117.000
      Category 3    0.470      236.000
      Category 4    0.251      126.000
    F1_5
      Category 1    0.088       44.000
      Category 2    0.213      107.000
      Category 3    0.464      233.000
      Category 4    0.235      118.000
    F1_6
      Category 1    0.048       24.000
      Category 2    0.139       70.000
      Category 3    0.572      287.000
      Category 4    0.241      121.000
    F1_7
      Category 1    0.058       29.000
      Category 2    0.215      108.000
      Category 3    0.361      181.000
      Category 4    0.367      184.000
    F1_8
      Category 1    0.052       26.000
      Category 2    0.187       94.000
      Category 3    0.574      288.000
      Category 4    0.187       94.000
    F1_9
      Category 1    0.080       40.000
      Category 2    0.193       97.000
      Category 3    0.486      244.000
      Category 4    0.241      121.000
    F1_10
      Category 1    0.072       36.000
      Category 2    0.294      148.000
      Category 3    0.364      183.000
      Category 4    0.270      136.000

  Group GROUP4
    F1_1
      Category 1    0.119       60.000
      Category 2    0.297      150.000
      Category 3    0.374      189.000
      Category 4    0.210      106.000
    F1_2
      Category 1    0.087       44.000
      Category 2    0.271      137.000
      Category 3    0.347      175.000
      Category 4    0.295      149.000
    F1_3
      Category 1    0.053       27.000
      Category 2    0.190       96.000
      Category 3    0.450      227.000
      Category 4    0.307      155.000
    F1_4
      Category 1    0.046       23.000
      Category 2    0.194       98.000
      Category 3    0.493      249.000
      Category 4    0.267      135.000
    F1_5
      Category 1    0.057       29.000
      Category 2    0.250      126.000
      Category 3    0.424      214.000
      Category 4    0.269      136.000
    F1_6
      Category 1    0.099       50.000
      Category 2    0.321      162.000
      Category 3    0.345      174.000
      Category 4    0.236      119.000
    F1_7
      Category 1    0.028       14.000
      Category 2    0.139       70.000
      Category 3    0.556      281.000
      Category 4    0.277      140.000
    F1_8
      Category 1    0.143       72.000
      Category 2    0.350      177.000
      Category 3    0.317      160.000
      Category 4    0.190       96.000
    F1_9
      Category 1    0.059       30.000
      Category 2    0.218      110.000
      Category 3    0.394      199.000
      Category 4    0.329      166.000
    F1_10
      Category 1    0.091       46.000
      Category 2    0.259      131.000
      Category 3    0.402      203.000
      Category 4    0.248      125.000



THE MODEL ESTIMATION TERMINATED NORMALLY



MODEL FIT INFORMATION

Number of Free Parameters                      103

Chi-Square Test of Model Fit

          Value                           1570.171*
          Degrees of Freedom                   197
          P-Value                           0.0000

Chi-Square Contributions From Each Group

          GROUP1                           239.435
          GROUP2                           723.552
          GROUP3                           400.840
          GROUP4                           206.346

*   The chi-square value for MLM, MLMV, MLR, ULSMV, WLSM and WLSMV cannot be used
    for chi-square difference testing in the regular way.  MLM, MLR and WLSM
    chi-square difference testing is described on the Mplus website.  MLMV, WLSMV,
    and ULSMV difference testing is done using the DIFFTEST option.

RMSEA (Root Mean Square Error Of Approximation)

          Estimate                           0.118
          90 Percent C.I.                    0.112  0.123
          Probability RMSEA <= .05           0.000

CFI/TLI

          CFI                                0.964
          TLI                                0.967

Chi-Square Test of Model Fit for the Baseline Model

          Value                          38743.878
          Degrees of Freedom                   180
          P-Value                           0.0000

WRMR (Weighted Root Mean Square Residual)

          Value                              3.329



MODEL RESULTS

                                                    Two-Tailed
                    Estimate       S.E.  Est./S.E.    P-Value

Group GROUP1

 F1       BY
    F1_1               1.000      0.000    999.000    999.000
    F1_2               0.747      0.054     13.943      0.000
    F1_3               0.847      0.066     12.800      0.000
    F1_4               0.590      0.050     11.892      0.000
    F1_5               0.436      0.038     11.598      0.000
    F1_6               0.672      0.057     11.712      0.000
    F1_7               0.332      0.028     11.979      0.000
    F1_8               0.858      0.063     13.557      0.000
    F1_9               0.655      0.055     11.848      0.000
    F1_10              0.865      0.067     12.936      0.000

 Means
    F1                 0.000      0.000    999.000    999.000

 Thresholds
    F1_1$1            -3.454      0.176    -19.662      0.000
    F1_1$2            -1.313      0.110    -11.980      0.000
    F1_1$3             1.541      0.111     13.935      0.000
    F1_2$1            -3.430      0.159    -21.556      0.000
    F1_2$2            -1.492      0.098    -15.151      0.000
    F1_2$3             0.937      0.085     11.080      0.000
    F1_3$1            -4.346      0.211    -20.571      0.000
    F1_3$2            -2.418      0.135    -17.890      0.000
    F1_3$3             0.677      0.087      7.741      0.000
    F1_4$1            -3.474      0.172    -20.242      0.000
    F1_4$2            -1.752      0.098    -17.862      0.000
    F1_4$3             0.784      0.071     11.021      0.000
    F1_5$1            -2.024      0.093    -21.837      0.000
    F1_5$2            -0.855      0.057    -15.072      0.000
    F1_5$3             0.640      0.056     11.526      0.000
    F1_6$1            -3.260      0.172    -18.970      0.000
    F1_6$2            -1.388      0.100    -13.916      0.000
    F1_6$3             1.044      0.092     11.300      0.000
    F1_7$1            -1.490      0.079    -18.758      0.000
    F1_7$2            -0.756      0.048    -15.826      0.000
    F1_7$3             0.281      0.034      8.341      0.000
    F1_8$1            -3.310      0.157    -21.086      0.000
    F1_8$2            -1.118      0.096    -11.704      0.000
    F1_8$3             1.521      0.103     14.821      0.000
    F1_9$1            -2.683      0.125    -21.499      0.000
    F1_9$2            -1.226      0.081    -15.089      0.000
    F1_9$3             0.633      0.071      8.910      0.000
    F1_10$1           -3.397      0.173    -19.664      0.000
    F1_10$2           -1.374      0.103    -13.324      0.000
    F1_10$3            1.083      0.093     11.623      0.000

 Variances
    F1                 3.689      0.480      7.687      0.000

 Residual Variances
    F1_1               1.000      0.000    999.000    999.000
    F1_2               1.000      0.000    999.000    999.000
    F1_3               1.000      0.000    999.000    999.000
    F1_4               1.000      0.000    999.000    999.000
    F1_5               1.000      0.000    999.000    999.000
    F1_6               1.000      0.000    999.000    999.000
    F1_7               1.000      0.000    999.000    999.000
    F1_8               1.000      0.000    999.000    999.000
    F1_9               1.000      0.000    999.000    999.000
    F1_10              1.000      0.000    999.000    999.000

Group GROUP2

 F1       BY
    F1_1               1.000      0.000    999.000    999.000
    F1_2               1.350      0.107     12.560      0.000
    F1_3               0.809      0.069     11.672      0.000
    F1_4               0.601      0.055     10.877      0.000
    F1_5               0.584      0.049     11.938      0.000
    F1_6               1.267      0.114     11.148      0.000
    F1_7               0.305      0.028     10.896      0.000
    F1_8               1.073      0.097     11.089      0.000
    F1_9               0.881      0.072     12.205      0.000
    F1_10              0.934      0.070     13.285      0.000

 Means
    F1                -0.353      0.109     -3.250      0.001

 Thresholds
    F1_1$1            -3.454      0.176    -19.662      0.000
    F1_1$2            -1.313      0.110    -11.980      0.000
    F1_1$3             1.541      0.111     13.935      0.000
    F1_2$1            -3.430      0.159    -21.556      0.000
    F1_2$2            -1.492      0.098    -15.151      0.000
    F1_2$3             0.937      0.085     11.080      0.000
    F1_3$1            -4.346      0.211    -20.571      0.000
    F1_3$2            -2.418      0.135    -17.890      0.000
    F1_3$3             0.677      0.087      7.741      0.000
    F1_4$1            -3.474      0.172    -20.242      0.000
    F1_4$2            -1.752      0.098    -17.862      0.000
    F1_4$3             0.784      0.071     11.021      0.000
    F1_5$1            -2.024      0.093    -21.837      0.000
    F1_5$2            -0.855      0.057    -15.072      0.000
    F1_5$3             0.640      0.056     11.526      0.000
    F1_6$1            -3.260      0.172    -18.970      0.000
    F1_6$2            -1.388      0.100    -13.916      0.000
    F1_6$3             1.044      0.092     11.300      0.000
    F1_7$1            -1.490      0.079    -18.758      0.000
    F1_7$2            -0.756      0.048    -15.826      0.000
    F1_7$3             0.281      0.034      8.341      0.000
    F1_8$1            -3.310      0.157    -21.086      0.000
    F1_8$2            -1.118      0.096    -11.704      0.000
    F1_8$3             1.521      0.103     14.821      0.000
    F1_9$1            -2.683      0.125    -21.499      0.000
    F1_9$2            -1.226      0.081    -15.089      0.000
    F1_9$3             0.633      0.071      8.910      0.000
    F1_10$1           -3.397      0.173    -19.664      0.000
    F1_10$2           -1.374      0.103    -13.324      0.000
    F1_10$3            1.083      0.093     11.623      0.000

 Variances
    F1                 2.870      0.387      7.418      0.000

 Residual Variances
    F1_1               1.321      0.148      8.937      0.000
    F1_2               1.620      0.188      8.613      0.000
    F1_3               1.525      0.175      8.707      0.000
    F1_4               1.319      0.157      8.389      0.000
    F1_5               0.532      0.062      8.604      0.000
    F1_6               2.051      0.272      7.530      0.000
    F1_7               0.237      0.031      7.575      0.000
    F1_8               3.974      0.487      8.154      0.000
    F1_9               0.607      0.072      8.465      0.000
    F1_10              1.121      0.129      8.655      0.000

Group GROUP3

 F1       BY
    F1_1               1.000      0.000    999.000    999.000
    F1_2               0.651      0.054     12.058      0.000
    F1_3               1.073      0.097     11.072      0.000
    F1_4               0.730      0.071     10.304      0.000
    F1_5               0.299      0.035      8.645      0.000
    F1_6               0.551      0.053     10.330      0.000
    F1_7               0.360      0.034     10.469      0.000
    F1_8               0.767      0.065     11.781      0.000
    F1_9               0.613      0.056     10.999      0.000
    F1_10              0.997      0.085     11.669      0.000

 Means
    F1                -0.411      0.130     -3.161      0.002

 Thresholds
    F1_1$1            -3.454      0.176    -19.662      0.000
    F1_1$2            -1.313      0.110    -11.980      0.000
    F1_1$3             1.541      0.111     13.935      0.000
    F1_2$1            -3.430      0.159    -21.556      0.000
    F1_2$2            -1.492      0.098    -15.151      0.000
    F1_2$3             0.937      0.085     11.080      0.000
    F1_3$1            -4.346      0.211    -20.571      0.000
    F1_3$2            -2.418      0.135    -17.890      0.000
    F1_3$3             0.677      0.087      7.741      0.000
    F1_4$1            -3.474      0.172    -20.242      0.000
    F1_4$2            -1.752      0.098    -17.862      0.000
    F1_4$3             0.784      0.071     11.021      0.000
    F1_5$1            -2.024      0.093    -21.837      0.000
    F1_5$2            -0.855      0.057    -15.072      0.000
    F1_5$3             0.640      0.056     11.526      0.000
    F1_6$1            -3.260      0.172    -18.970      0.000
    F1_6$2            -1.388      0.100    -13.916      0.000
    F1_6$3             1.044      0.092     11.300      0.000
    F1_7$1            -1.490      0.079    -18.758      0.000
    F1_7$2            -0.756      0.048    -15.826      0.000
    F1_7$3             0.281      0.034      8.341      0.000
    F1_8$1            -3.310      0.157    -21.086      0.000
    F1_8$2            -1.118      0.096    -11.704      0.000
    F1_8$3             1.521      0.103     14.821      0.000
    F1_9$1            -2.683      0.125    -21.499      0.000
    F1_9$2            -1.226      0.081    -15.089      0.000
    F1_9$3             0.633      0.071      8.910      0.000
    F1_10$1           -3.397      0.173    -19.664      0.000
    F1_10$2           -1.374      0.103    -13.324      0.000
    F1_10$3            1.083      0.093     11.623      0.000

 Variances
    F1                 3.752      0.590      6.358      0.000

 Residual Variances
    F1_1               3.721      0.473      7.861      0.000
    F1_2               0.856      0.101      8.492      0.000
    F1_3               2.738      0.354      7.731      0.000
    F1_4               2.039      0.253      8.064      0.000
    F1_5               1.462      0.187      7.811      0.000
    F1_6               1.680      0.214      7.855      0.000
    F1_7               0.367      0.051      7.152      0.000
    F1_8               0.940      0.103      9.105      0.000
    F1_9               1.276      0.152      8.372      0.000
    F1_10              1.196      0.146      8.205      0.000

Group GROUP4

 F1       BY
    F1_1               1.000      0.000    999.000    999.000
    F1_2               1.012      0.078     13.007      0.000
    F1_3               1.035      0.085     12.108      0.000
    F1_4               0.678      0.063     10.779      0.000
    F1_5               0.498      0.042     11.737      0.000
    F1_6               1.012      0.085     11.835      0.000
    F1_7               0.196      0.021      9.305      0.000
    F1_8               1.053      0.089     11.866      0.000
    F1_9               0.677      0.055     12.210      0.000
    F1_10              0.949      0.077     12.403      0.000

 Means
    F1                -0.524      0.126     -4.171      0.000

 Thresholds
    F1_1$1            -3.454      0.176    -19.662      0.000
    F1_1$2            -1.313      0.110    -11.980      0.000
    F1_1$3             1.541      0.111     13.935      0.000
    F1_2$1            -3.430      0.159    -21.556      0.000
    F1_2$2            -1.492      0.098    -15.151      0.000
    F1_2$3             0.937      0.085     11.080      0.000
    F1_3$1            -4.346      0.211    -20.571      0.000
    F1_3$2            -2.418      0.135    -17.890      0.000
    F1_3$3             0.677      0.087      7.741      0.000
    F1_4$1            -3.474      0.172    -20.242      0.000
    F1_4$2            -1.752      0.098    -17.862      0.000
    F1_4$3             0.784      0.071     11.021      0.000
    F1_5$1            -2.024      0.093    -21.837      0.000
    F1_5$2            -0.855      0.057    -15.072      0.000
    F1_5$3             0.640      0.056     11.526      0.000
    F1_6$1            -3.260      0.172    -18.970      0.000
    F1_6$2            -1.388      0.100    -13.916      0.000
    F1_6$3             1.044      0.092     11.300      0.000
    F1_7$1            -1.490      0.079    -18.758      0.000
    F1_7$2            -0.756      0.048    -15.826      0.000
    F1_7$3             0.281      0.034      8.341      0.000
    F1_8$1            -3.310      0.157    -21.086      0.000
    F1_8$2            -1.118      0.096    -11.704      0.000
    F1_8$3             1.521      0.103     14.821      0.000
    F1_9$1            -2.683      0.125    -21.499      0.000
    F1_9$2            -1.226      0.081    -15.089      0.000
    F1_9$3             0.633      0.071      8.910      0.000
    F1_10$1           -3.397      0.173    -19.664      0.000
    F1_10$2           -1.374      0.103    -13.324      0.000
    F1_10$3            1.083      0.093     11.623      0.000

 Variances
    F1                 4.098      0.604      6.791      0.000

 Residual Variances
    F1_1               2.630      0.321      8.201      0.000
    F1_2               1.080      0.122      8.833      0.000
    F1_3               1.738      0.202      8.593      0.000
    F1_4               1.664      0.202      8.223      0.000
    F1_5               0.399      0.048      8.379      0.000
    F1_6               1.189      0.155      7.655      0.000
    F1_7               0.329      0.044      7.540      0.000
    F1_8               2.693      0.330      8.156      0.000
    F1_9               0.565      0.069      8.230      0.000
    F1_10              1.212      0.139      8.746      0.000


QUALITY OF NUMERICAL RESULTS

     Condition Number for the Information Matrix              0.654E-04
       (ratio of smallest to largest eigenvalue)


DIAGRAM INFORMATION

  Use View Diagram under the Diagram menu in the Mplus Editor to view the diagram.
  If running Mplus from the Mplus Diagrammer, the diagram opens automatically.

  Diagram output
    d:\dropbox\1. current projects\shiny app\dmacs\mplus_tests\test1011.dgm

     Beginning Time:  23:13:36
        Ending Time:  23:13:37
       Elapsed Time:  00:00:01



MUTHEN & MUTHEN
3463 Stoner Ave.
Los Angeles, CA  90066

Tel: (310) 391-9971
Fax: (310) 391-8971
Web: www.StatModel.com
Support: Support@StatModel.com

Copyright (c) 1998-2012 Muthen & Muthen
