Mplus VERSION 7
MUTHEN & MUTHEN
07/30/2019   9:27 PM

INPUT INSTRUCTIONS

  Title: Test1000: Mplus, two group, unidimensional, continuous

  Data: File is SampleDataMplus_TwoGroup.csv;

  Variable:
    Names are F1_1-F1_10 F2_1-F2_20 F3_1-F3_12 F4_1-F4_5 group;
    grouping is group (1 = Group1, 2 = Group2);
    usevariables are F1_1-F1_10;
    missing are all (99);

  output: sampstat;

  Model:

    F1 by F1_1-F1_10;

    [F1_1] (I1);

    [F1_2-F1_10];


  Model Group2:

    F1 by F1_2-F1_10;

    [F1_2-F1_10];

    [F1_1] (I1);

    [F1*];

    F1*;




INPUT READING TERMINATED NORMALLY



Test1000: Mplus, two group, unidimensional, continuous

SUMMARY OF ANALYSIS

Number of groups                                                 2
Number of observations
   Group GROUP1                                                504
   Group GROUP2                                                507

Number of dependent variables                                   10
Number of independent variables                                  0
Number of continuous latent variables                            1

Observed dependent variables

  Continuous
   F1_1        F1_2        F1_3        F1_4        F1_5        F1_6
   F1_7        F1_8        F1_9        F1_10

Continuous latent variables
   F1

Variables with special functions

  Grouping variable     GROUP

Estimator                                                       ML
Information matrix                                        OBSERVED
Maximum number of iterations                                  1000
Convergence criterion                                    0.500D-04
Maximum number of steepest descent iterations                   20
Maximum number of iterations for H1                           2000
Convergence criterion for H1                             0.100D-03

Input data file(s)
  SampleDataMplus_TwoGroup.csv

Input data format  FREE


SUMMARY OF DATA

   Group GROUP1
     Number of missing data patterns             5

   Group GROUP2
     Number of missing data patterns             3


COVARIANCE COVERAGE OF DATA

Minimum covariance coverage value   0.100


     PROPORTION OF DATA PRESENT FOR GROUP1


           Covariance Coverage
              F1_1          F1_2          F1_3          F1_4          F1_5
              ________      ________      ________      ________      ________
 F1_1           0.994
 F1_2           0.994         0.994
 F1_3           0.994         0.994         0.998
 F1_4           0.994         0.994         0.996         0.996
 F1_5           0.994         0.994         0.998         0.996         1.000
 F1_6           0.994         0.994         0.996         0.996         0.996
 F1_7           0.992         0.992         0.994         0.994         0.994
 F1_8           0.994         0.994         0.996         0.996         0.996
 F1_9           0.994         0.994         0.998         0.996         0.998
 F1_10          0.994         0.994         0.994         0.994         0.994


           Covariance Coverage
              F1_6          F1_7          F1_8          F1_9          F1_10
              ________      ________      ________      ________      ________
 F1_6           0.996
 F1_7           0.994         0.994
 F1_8           0.996         0.994         0.996
 F1_9           0.996         0.994         0.996         0.998
 F1_10          0.994         0.992         0.994         0.994         0.994


     PROPORTION OF DATA PRESENT FOR GROUP2


           Covariance Coverage
              F1_1          F1_2          F1_3          F1_4          F1_5
              ________      ________      ________      ________      ________
 F1_1           0.998
 F1_2           0.998         0.998
 F1_3           0.996         0.996         0.998
 F1_4           0.996         0.996         0.996         0.996
 F1_5           0.998         0.998         0.998         0.996         1.000
 F1_6           0.996         0.996         0.996         0.996         0.996
 F1_7           0.996         0.996         0.996         0.996         0.996
 F1_8           0.996         0.996         0.996         0.996         0.996
 F1_9           0.998         0.998         0.996         0.996         0.998
 F1_10          0.998         0.998         0.996         0.996         0.998


           Covariance Coverage
              F1_6          F1_7          F1_8          F1_9          F1_10
              ________      ________      ________      ________      ________
 F1_6           0.996
 F1_7           0.996         0.996
 F1_8           0.996         0.996         0.996
 F1_9           0.996         0.996         0.996         0.998
 F1_10          0.996         0.996         0.996         0.998         0.998


SAMPLE STATISTICS


     ESTIMATED SAMPLE STATISTICS FOR GROUP1


           Means
              F1_1          F1_2          F1_3          F1_4          F1_5
              ________      ________      ________      ________      ________
      1         2.913         3.054         3.249         3.187         2.931


           Means
              F1_6          F1_7          F1_8          F1_9          F1_10
              ________      ________      ________      ________      ________
      1         3.091         2.931         2.966         2.988         2.992


           Covariances
              F1_1          F1_2          F1_3          F1_4          F1_5
              ________      ________      ________      ________      ________
 F1_1           0.669
 F1_2           0.373         0.545
 F1_3           0.322         0.289         0.433
 F1_4           0.277         0.232         0.256         0.427
 F1_5           0.336         0.301         0.247         0.190         0.727
 F1_6           0.347         0.273         0.267         0.243         0.246
 F1_7           0.282         0.251         0.245         0.224         0.211
 F1_8           0.437         0.342         0.312         0.261         0.301
 F1_9           0.419         0.358         0.289         0.229         0.311
 F1_10          0.464         0.369         0.316         0.280         0.291


           Covariances
              F1_6          F1_7          F1_8          F1_9          F1_10
              ________      ________      ________      ________      ________
 F1_6           0.513
 F1_7           0.231         0.921
 F1_8           0.317         0.284         0.606
 F1_9           0.297         0.306         0.369         0.676
 F1_10          0.304         0.273         0.414         0.366         0.642


           Correlations
              F1_1          F1_2          F1_3          F1_4          F1_5
              ________      ________      ________      ________      ________
 F1_1           1.000
 F1_2           0.618         1.000
 F1_3           0.599         0.594         1.000
 F1_4           0.519         0.482         0.595         1.000
 F1_5           0.482         0.479         0.441         0.340         1.000
 F1_6           0.593         0.517         0.567         0.520         0.403
 F1_7           0.359         0.355         0.388         0.357         0.257
 F1_8           0.687         0.595         0.610         0.513         0.454
 F1_9           0.623         0.591         0.534         0.426         0.443
 F1_10          0.708         0.623         0.600         0.535         0.426


           Correlations
              F1_6          F1_7          F1_8          F1_9          F1_10
              ________      ________      ________      ________      ________
 F1_6           1.000
 F1_7           0.336         1.000
 F1_8           0.569         0.380         1.000
 F1_9           0.505         0.388         0.577         1.000
 F1_10          0.529         0.355         0.663         0.555         1.000


     ESTIMATED SAMPLE STATISTICS FOR GROUP2


           Means
              F1_1          F1_2          F1_3          F1_4          F1_5
              ________      ________      ________      ________      ________
      1         2.854         2.767         3.198         3.132         2.933


           Means
              F1_6          F1_7          F1_8          F1_9          F1_10
              ________      ________      ________      ________      ________
      1         2.689         3.130         2.521         2.970         2.888


           Covariances
              F1_1          F1_2          F1_3          F1_4          F1_5
              ________      ________      ________      ________      ________
 F1_1           0.662
 F1_2           0.452         0.965
 F1_3           0.295         0.320         0.439
 F1_4           0.283         0.275         0.238         0.464
 F1_5           0.399         0.517         0.263         0.239         0.757
 F1_6           0.415         0.676         0.288         0.252         0.531
 F1_7           0.291         0.364         0.256         0.249         0.303
 F1_8           0.331         0.537         0.208         0.153         0.403
 F1_9           0.438         0.659         0.303         0.268         0.542
 F1_10          0.475         0.444         0.283         0.253         0.377


           Covariances
              F1_6          F1_7          F1_8          F1_9          F1_10
              ________      ________      ________      ________      ________
 F1_6           0.937
 F1_7           0.333         0.546
 F1_8           0.464         0.228         0.848
 F1_9           0.600         0.332         0.472         0.838
 F1_10          0.435         0.328         0.335         0.448         0.665


           Correlations
              F1_1          F1_2          F1_3          F1_4          F1_5
              ________      ________      ________      ________      ________
 F1_1           1.000
 F1_2           0.565         1.000
 F1_3           0.548         0.491         1.000
 F1_4           0.510         0.412         0.527         1.000
 F1_5           0.563         0.605         0.456         0.404         1.000
 F1_6           0.527         0.711         0.448         0.382         0.631
 F1_7           0.483         0.502         0.523         0.494         0.471
 F1_8           0.442         0.593         0.341         0.244         0.502
 F1_9           0.588         0.732         0.499         0.430         0.681
 F1_10          0.716         0.554         0.523         0.455         0.532


           Correlations
              F1_6          F1_7          F1_8          F1_9          F1_10
              ________      ________      ________      ________      ________
 F1_6           1.000
 F1_7           0.465         1.000
 F1_8           0.521         0.335         1.000
 F1_9           0.678         0.490         0.560         1.000
 F1_10          0.552         0.544         0.446         0.601         1.000


     MAXIMUM LOG-LIKELIHOOD VALUE FOR THE UNRESTRICTED (H1) MODEL IS   -9306.147


THE MODEL ESTIMATION TERMINATED NORMALLY



MODEL FIT INFORMATION

Number of Free Parameters                       60

Loglikelihood

          H0 Value                       -9495.102
          H1 Value                       -9306.147

Information Criteria

          Akaike (AIC)                   19110.204
          Bayesian (BIC)                 19405.325
          Sample-Size Adjusted BIC       19214.761
            (n* = (n + 2) / 24)

Chi-Square Test of Model Fit

          Value                            377.909
          Degrees of Freedom                    70
          P-Value                           0.0000

Chi-Square Contributions From Each Group

          GROUP1                            82.422
          GROUP2                           295.487

RMSEA (Root Mean Square Error Of Approximation)

          Estimate                           0.093
          90 Percent C.I.                    0.084  0.103
          Probability RMSEA <= .05           0.000

CFI/TLI

          CFI                                0.943
          TLI                                0.927

Chi-Square Test of Model Fit for the Baseline Model

          Value                           5527.612
          Degrees of Freedom                    90
          P-Value                           0.0000

SRMR (Standardized Root Mean Square Residual)

          Value                              0.041



MODEL RESULTS

                                                    Two-Tailed
                    Estimate       S.E.  Est./S.E.    P-Value

Group GROUP1

 F1       BY
    F1_1               1.000      0.000    999.000    999.000
    F1_2               0.824      0.042     19.556      0.000
    F1_3               0.738      0.038     19.600      0.000
    F1_4               0.632      0.039     16.119      0.000
    F1_5               0.715      0.053     13.558      0.000
    F1_6               0.741      0.042     17.708      0.000
    F1_7               0.665      0.062     10.805      0.000
    F1_8               0.918      0.043     21.406      0.000
    F1_9               0.872      0.047     18.372      0.000
    F1_10              0.945      0.044     21.455      0.000

 Means
    F1                 0.000      0.000    999.000    999.000

 Intercepts
    F1_1               2.913      0.037     79.792      0.000
    F1_2               3.053      0.033     92.671      0.000
    F1_3               3.249      0.029    110.726      0.000
    F1_4               3.187      0.029    109.369      0.000
    F1_5               2.931      0.038     77.143      0.000
    F1_6               3.091      0.032     96.761      0.000
    F1_7               2.931      0.043     68.378      0.000
    F1_8               2.966      0.035     85.452      0.000
    F1_9               2.988      0.037     81.548      0.000
    F1_10              2.991      0.036     83.634      0.000

 Variances
    F1                 0.466      0.041     11.252      0.000

 Residual Variances
    F1_1               0.204      0.016     12.823      0.000
    F1_2               0.229      0.016     14.021      0.000
    F1_3               0.180      0.013     13.967      0.000
    F1_4               0.241      0.016     14.812      0.000
    F1_5               0.489      0.032     15.242      0.000
    F1_6               0.258      0.018     14.543      0.000
    F1_7               0.715      0.046     15.454      0.000
    F1_8               0.213      0.016     13.457      0.000
    F1_9               0.322      0.022     14.419      0.000
    F1_10              0.227      0.017     13.438      0.000

Group GROUP2

 F1       BY
    F1_1               1.000      0.000    999.000    999.000
    F1_2               1.325      0.071     18.597      0.000
    F1_3               0.698      0.048     14.543      0.000
    F1_4               0.629      0.050     12.615      0.000
    F1_5               1.088      0.063     17.329      0.000
    F1_6               1.245      0.070     17.661      0.000
    F1_7               0.773      0.054     14.340      0.000
    F1_8               0.958      0.068     14.099      0.000
    F1_9               1.263      0.066     19.125      0.000
    F1_10              1.002      0.057     17.458      0.000

 Means
    F1                -0.059      0.051     -1.148      0.251

 Intercepts
    F1_1               2.913      0.037     79.792      0.000
    F1_2               2.845      0.063     45.057      0.000
    F1_3               3.240      0.038     85.117      0.000
    F1_4               3.170      0.037     84.989      0.000
    F1_5               2.997      0.054     55.670      0.000
    F1_6               2.762      0.061     45.483      0.000
    F1_7               3.176      0.042     75.033      0.000
    F1_8               2.577      0.053     48.944      0.000
    F1_9               3.045      0.060     51.154      0.000
    F1_10              2.947      0.050     58.909      0.000

 Variances
    F1                 0.371      0.039      9.598      0.000

 Residual Variances
    F1_1               0.291      0.021     14.019      0.000
    F1_2               0.314      0.024     13.032      0.000
    F1_3               0.258      0.017     14.921      0.000
    F1_4               0.317      0.021     15.238      0.000
    F1_5               0.317      0.022     14.112      0.000
    F1_6               0.361      0.026     13.739      0.000
    F1_7               0.324      0.022     14.958      0.000
    F1_8               0.507      0.034     15.000      0.000
    F1_9               0.246      0.019     12.687      0.000
    F1_10              0.292      0.021     14.036      0.000


QUALITY OF NUMERICAL RESULTS

     Condition Number for the Information Matrix              0.612E-02
       (ratio of smallest to largest eigenvalue)


DIAGRAM INFORMATION

  Use View Diagram under the Diagram menu in the Mplus Editor to view the diagram.
  If running Mplus from the Mplus Diagrammer, the diagram opens automatically.

  Diagram output
    d:\dropbox\1. current projects\shiny app\dmacs\mplus_tests\test1110.dgm

     Beginning Time:  21:27:36
        Ending Time:  21:27:37
       Elapsed Time:  00:00:01



MUTHEN & MUTHEN
3463 Stoner Ave.
Los Angeles, CA  90066

Tel: (310) 391-9971
Fax: (310) 391-8971
Web: www.StatModel.com
Support: Support@StatModel.com

Copyright (c) 1998-2012 Muthen & Muthen
