Mplus VERSION 7
MUTHEN & MUTHEN
08/01/2019  11:16 PM

INPUT INSTRUCTIONS

  Title: Test1000: Mplus, multigroup, multidimensional, categorical

  Data: File is SampleDataMplus_TwoGroup.csv;

  Variable:
    Names are F1_1-F1_10 F2_1-F2_20 F3_1-F3_12 F4_1-F4_5 group;
    grouping is group (1 = Group1, 2 = Group2);
    Categorical all;
    usevariables are F1_1-F1_10;
    missing are all (99);

  Model:

    F1 by F1_1-F1_10;


  Model Group2:

    F1 by F1_2-F1_10;

    [F1*];

    F1*;



INPUT READING TERMINATED NORMALLY



Test1000: Mplus, multigroup, multidimensional, categorical

SUMMARY OF ANALYSIS

Number of groups                                                 2
Number of observations
   Group GROUP1                                                504
   Group GROUP2                                                507

Number of dependent variables                                   10
Number of independent variables                                  0
Number of continuous latent variables                            1

Observed dependent variables

  Binary and ordered categorical (ordinal)
   F1_1        F1_2        F1_3        F1_4        F1_5        F1_6
   F1_7        F1_8        F1_9        F1_10

Continuous latent variables
   F1

Variables with special functions

  Grouping variable     GROUP

Estimator                                                    WLSMV
Maximum number of iterations                                  1000
Convergence criterion                                    0.500D-04
Maximum number of steepest descent iterations                   20
Maximum number of iterations for H1                           2000
Convergence criterion for H1                             0.100D-03
Parameterization                                             DELTA

Input data file(s)
  SampleDataMplus_TwoGroup.csv

Input data format  FREE


SUMMARY OF DATA

   Group GROUP1
     Number of missing data patterns             5

   Group GROUP2
     Number of missing data patterns             3


COVARIANCE COVERAGE OF DATA

Minimum covariance coverage value   0.100


     PROPORTION OF DATA PRESENT FOR GROUP1


           Covariance Coverage
              F1_1          F1_2          F1_3          F1_4          F1_5
              ________      ________      ________      ________      ________
 F1_1           0.994
 F1_2           0.994         0.994
 F1_3           0.994         0.994         0.998
 F1_4           0.994         0.994         0.996         0.996
 F1_5           0.994         0.994         0.998         0.996         1.000
 F1_6           0.994         0.994         0.996         0.996         0.996
 F1_7           0.992         0.992         0.994         0.994         0.994
 F1_8           0.994         0.994         0.996         0.996         0.996
 F1_9           0.994         0.994         0.998         0.996         0.998
 F1_10          0.994         0.994         0.994         0.994         0.994


           Covariance Coverage
              F1_6          F1_7          F1_8          F1_9          F1_10
              ________      ________      ________      ________      ________
 F1_6           0.996
 F1_7           0.994         0.994
 F1_8           0.996         0.994         0.996
 F1_9           0.996         0.994         0.996         0.998
 F1_10          0.994         0.992         0.994         0.994         0.994


     PROPORTION OF DATA PRESENT FOR GROUP2


           Covariance Coverage
              F1_1          F1_2          F1_3          F1_4          F1_5
              ________      ________      ________      ________      ________
 F1_1           0.998
 F1_2           0.998         0.998
 F1_3           0.996         0.996         0.998
 F1_4           0.996         0.996         0.996         0.996
 F1_5           0.998         0.998         0.998         0.996         1.000
 F1_6           0.996         0.996         0.996         0.996         0.996
 F1_7           0.996         0.996         0.996         0.996         0.996
 F1_8           0.996         0.996         0.996         0.996         0.996
 F1_9           0.998         0.998         0.996         0.996         0.998
 F1_10          0.998         0.998         0.996         0.996         0.998


           Covariance Coverage
              F1_6          F1_7          F1_8          F1_9          F1_10
              ________      ________      ________      ________      ________
 F1_6           0.996
 F1_7           0.996         0.996
 F1_8           0.996         0.996         0.996
 F1_9           0.996         0.996         0.996         0.998
 F1_10          0.996         0.996         0.996         0.998         0.998


UNIVARIATE PROPORTIONS AND COUNTS FOR CATEGORICAL VARIABLES

  Group GROUP1
    F1_1
      Category 1    0.060       30.000
      Category 2    0.200      100.000
      Category 3    0.505      253.000
      Category 4    0.236      118.000
    F1_2
      Category 1    0.038       19.000
      Category 2    0.132       66.000
      Category 3    0.567      284.000
      Category 4    0.263      132.000
    F1_3
      Category 1    0.016        8.000
      Category 2    0.076       38.000
      Category 3    0.553      278.000
      Category 4    0.356      179.000
    F1_4
      Category 1    0.014        7.000
      Category 2    0.096       48.000
      Category 3    0.580      291.000
      Category 4    0.311      156.000
    F1_5
      Category 1    0.073       37.000
      Category 2    0.181       91.000
      Category 3    0.488      246.000
      Category 4    0.258      130.000
    F1_6
      Category 1    0.034       17.000
      Category 2    0.114       57.000
      Category 3    0.580      291.000
      Category 4    0.273      137.000
    F1_7
      Category 1    0.092       46.000
      Category 2    0.222      111.000
      Category 3    0.349      175.000
      Category 4    0.337      169.000
    F1_8
      Category 1    0.048       24.000
      Category 2    0.177       89.000
      Category 3    0.536      269.000
      Category 4    0.239      120.000
    F1_9
      Category 1    0.056       28.000
      Category 2    0.177       89.000
      Category 3    0.491      247.000
      Category 4    0.276      139.000
    F1_10
      Category 1    0.046       23.000
      Category 2    0.186       93.000
      Category 3    0.497      249.000
      Category 4    0.271      136.000

  Group GROUP2
    F1_1
      Category 1    0.071       36.000
      Category 2    0.200      101.000
      Category 3    0.532      269.000
      Category 4    0.198      100.000
    F1_2
      Category 1    0.105       53.000
      Category 2    0.310      157.000
      Category 3    0.296      150.000
      Category 4    0.289      146.000
    F1_3
      Category 1    0.022       11.000
      Category 2    0.075       38.000
      Category 3    0.587      297.000
      Category 4    0.316      160.000
    F1_4
      Category 1    0.022       11.000
      Category 2    0.109       55.000
      Category 3    0.584      295.000
      Category 4    0.285      144.000
    F1_5
      Category 1    0.059       30.000
      Category 2    0.237      120.000
      Category 3    0.416      211.000
      Category 4    0.288      146.000
    F1_6
      Category 1    0.109       55.000
      Category 2    0.345      174.000
      Category 3    0.295      149.000
      Category 4    0.251      127.000
    F1_7
      Category 1    0.036       18.000
      Category 2    0.109       55.000
      Category 3    0.545      275.000
      Category 4    0.311      157.000
    F1_8
      Category 1    0.129       65.000
      Category 2    0.392      198.000
      Category 3    0.309      156.000
      Category 4    0.170       86.000
    F1_9
      Category 1    0.067       34.000
      Category 2    0.231      117.000
      Category 3    0.364      184.000
      Category 4    0.338      171.000
    F1_10
      Category 1    0.063       32.000
      Category 2    0.204      103.000
      Category 3    0.514      260.000
      Category 4    0.219      111.000



THE MODEL ESTIMATION TERMINATED NORMALLY



MODEL FIT INFORMATION

Number of Free Parameters                       61

Chi-Square Test of Model Fit

          Value                            874.872*
          Degrees of Freedom                    89
          P-Value                           0.0000

Chi-Square Contributions From Each Group

          GROUP1                           239.828
          GROUP2                           635.043

*   The chi-square value for MLM, MLMV, MLR, ULSMV, WLSM and WLSMV cannot be used
    for chi-square difference testing in the regular way.  MLM, MLR and WLSM
    chi-square difference testing is described on the Mplus website.  MLMV, WLSMV,
    and ULSMV difference testing is done using the DIFFTEST option.

RMSEA (Root Mean Square Error Of Approximation)

          Estimate                           0.132
          90 Percent C.I.                    0.124  0.140
          Probability RMSEA <= .05           0.000

CFI/TLI

          CFI                                0.958
          TLI                                0.958

Chi-Square Test of Model Fit for the Baseline Model

          Value                          18938.808
          Degrees of Freedom                    90
          P-Value                           0.0000

WRMR (Weighted Root Mean Square Residual)

          Value                              2.527



MODEL RESULTS

                                                    Two-Tailed
                    Estimate       S.E.  Est./S.E.    P-Value

Group GROUP1

 F1       BY
    F1_1               1.000      0.000    999.000    999.000
    F1_2               0.925      0.018     51.048      0.000
    F1_3               0.961      0.019     51.788      0.000
    F1_4               0.845      0.026     32.803      0.000
    F1_5               0.723      0.030     24.454      0.000
    F1_6               0.891      0.025     35.448      0.000
    F1_7               0.607      0.031     19.530      0.000
    F1_8               0.964      0.017     56.211      0.000
    F1_9               0.883      0.024     37.340      0.000
    F1_10              0.966      0.018     53.844      0.000

 Means
    F1                 0.000      0.000    999.000    999.000

 Thresholds
    F1_1$1            -1.546      0.081    -19.109      0.000
    F1_1$2            -0.691      0.052    -13.221      0.000
    F1_1$3             0.682      0.054     12.519      0.000
    F1_2$1            -1.940      0.098    -19.737      0.000
    F1_2$2            -0.811      0.063    -12.784      0.000
    F1_2$3             0.613      0.060     10.158      0.000
    F1_3$1            -2.109      0.119    -17.711      0.000
    F1_3$2            -1.363      0.073    -18.586      0.000
    F1_3$3             0.342      0.048      7.120      0.000
    F1_4$1            -2.186      0.123    -17.778      0.000
    F1_4$2            -1.251      0.068    -18.387      0.000
    F1_4$3             0.467      0.050      9.341      0.000
    F1_5$1            -1.542      0.078    -19.701      0.000
    F1_5$2            -0.662      0.051    -13.093      0.000
    F1_5$3             0.504      0.052      9.759      0.000
    F1_6$1            -1.999      0.102    -19.633      0.000
    F1_6$2            -0.820      0.065    -12.692      0.000
    F1_6$3             0.657      0.061     10.779      0.000
    F1_7$1            -1.239      0.072    -17.189      0.000
    F1_7$2            -0.648      0.046    -14.230      0.000
    F1_7$3             0.267      0.036      7.382      0.000
    F1_8$1            -1.693      0.090    -18.881      0.000
    F1_8$2            -0.496      0.056     -8.889      0.000
    F1_8$3             0.837      0.060     14.032      0.000
    F1_9$1            -1.682      0.086    -19.618      0.000
    F1_9$2            -0.739      0.055    -13.398      0.000
    F1_9$3             0.428      0.053      8.003      0.000
    F1_10$1           -1.670      0.088    -19.037      0.000
    F1_10$2           -0.754      0.055    -13.830      0.000
    F1_10$3            0.602      0.053     11.366      0.000

 Variances
    F1                 0.787      0.022     36.035      0.000

 Scales
    F1_1               1.000      0.000    999.000    999.000
    F1_2               1.000      0.000    999.000    999.000
    F1_3               1.000      0.000    999.000    999.000
    F1_4               1.000      0.000    999.000    999.000
    F1_5               1.000      0.000    999.000    999.000
    F1_6               1.000      0.000    999.000    999.000
    F1_7               1.000      0.000    999.000    999.000
    F1_8               1.000      0.000    999.000    999.000
    F1_9               1.000      0.000    999.000    999.000
    F1_10              1.000      0.000    999.000    999.000

Group GROUP2

 F1       BY
    F1_1               1.000      0.000    999.000    999.000
    F1_2               1.669      0.122     13.715      0.000
    F1_3               0.914      0.073     12.449      0.000
    F1_4               0.861      0.074     11.644      0.000
    F1_5               0.979      0.074     13.191      0.000
    F1_6               1.677      0.131     12.811      0.000
    F1_7               0.564      0.048     11.686      0.000
    F1_8               1.169      0.092     12.652      0.000
    F1_9               1.201      0.084     14.281      0.000
    F1_10              1.041      0.064     16.247      0.000

 Means
    F1                -0.156      0.051     -3.079      0.002

 Thresholds
    F1_1$1            -1.546      0.081    -19.109      0.000
    F1_1$2            -0.691      0.052    -13.221      0.000
    F1_1$3             0.682      0.054     12.519      0.000
    F1_2$1            -1.940      0.098    -19.737      0.000
    F1_2$2            -0.811      0.063    -12.784      0.000
    F1_2$3             0.613      0.060     10.158      0.000
    F1_3$1            -2.109      0.119    -17.711      0.000
    F1_3$2            -1.363      0.073    -18.586      0.000
    F1_3$3             0.342      0.048      7.120      0.000
    F1_4$1            -2.186      0.123    -17.778      0.000
    F1_4$2            -1.251      0.068    -18.387      0.000
    F1_4$3             0.467      0.050      9.341      0.000
    F1_5$1            -1.542      0.078    -19.701      0.000
    F1_5$2            -0.662      0.051    -13.093      0.000
    F1_5$3             0.504      0.052      9.759      0.000
    F1_6$1            -1.999      0.102    -19.633      0.000
    F1_6$2            -0.820      0.065    -12.692      0.000
    F1_6$3             0.657      0.061     10.779      0.000
    F1_7$1            -1.239      0.072    -17.189      0.000
    F1_7$2            -0.648      0.046    -14.230      0.000
    F1_7$3             0.267      0.036      7.382      0.000
    F1_8$1            -1.693      0.090    -18.881      0.000
    F1_8$2            -0.496      0.056     -8.889      0.000
    F1_8$3             0.837      0.060     14.032      0.000
    F1_9$1            -1.682      0.086    -19.618      0.000
    F1_9$2            -0.739      0.055    -13.398      0.000
    F1_9$3             0.428      0.053      8.003      0.000
    F1_10$1           -1.670      0.088    -19.037      0.000
    F1_10$2           -0.754      0.055    -13.830      0.000
    F1_10$3            0.602      0.053     11.366      0.000

 Variances
    F1                 0.610      0.081      7.480      0.000

 Scales
    F1_1               1.061      0.061     17.314      0.000
    F1_2               0.670      0.042     15.938      0.000
    F1_3               1.042      0.065     16.001      0.000
    F1_4               0.989      0.061     16.324      0.000
    F1_5               1.054      0.068     15.604      0.000
    F1_6               0.635      0.041     15.388      0.000
    F1_7               1.654      0.117     14.157      0.000
    F1_8               0.737      0.046     15.972      0.000
    F1_9               0.945      0.060     15.691      0.000
    F1_10              1.022      0.060     17.040      0.000


R-SQUARE

Group GROUP1

    Observed                   Residual
    Variable        Estimate   Variance

    F1_1               0.787      0.213
    F1_2               0.673      0.327
    F1_3               0.726      0.274
    F1_4               0.562      0.438
    F1_5               0.412      0.588
    F1_6               0.625      0.375
    F1_7               0.290      0.710
    F1_8               0.731      0.269
    F1_9               0.613      0.387
    F1_10              0.734      0.266

Group GROUP2

    Observed                   Residual
    Variable        Estimate   Variance

    F1_1               0.686      0.279
    F1_2               0.763      0.528
    F1_3               0.553      0.412
    F1_4               0.442      0.571
    F1_5               0.648      0.317
    F1_6               0.692      0.764
    F1_7               0.530      0.172
    F1_8               0.453      1.007
    F1_9               0.785      0.240
    F1_10              0.690      0.296


QUALITY OF NUMERICAL RESULTS

     Condition Number for the Information Matrix              0.165E-03
       (ratio of smallest to largest eigenvalue)


DIAGRAM INFORMATION

  Use View Diagram under the Diagram menu in the Mplus Editor to view the diagram.
  If running Mplus from the Mplus Diagrammer, the diagram opens automatically.

  Diagram output
    d:\dropbox\1. current projects\shiny app\dmacs\mplus_tests\test1111.dgm

     Beginning Time:  23:16:15
        Ending Time:  23:16:15
       Elapsed Time:  00:00:00



MUTHEN & MUTHEN
3463 Stoner Ave.
Los Angeles, CA  90066

Tel: (310) 391-9971
Fax: (310) 391-8971
Web: www.StatModel.com
Support: Support@StatModel.com

Copyright (c) 1998-2012 Muthen & Muthen
